Gs^Fms, Gg, Gs^Fms, Gg, Gs^Fms, Gg, Gs^Fms, Gg, Gs^Fms, Gg, Gs^Fms, Gs^Fms, Gs^Fms, Gs^Fms, Gs^Fms, Gs^Fms, Gs^Fms, Gs^Fms, Gs^Fms, Gs^Fms, Gs^Fms, Gs^Fms, Gs^Fms, Gs^Fms, Gs^Fms, Gs^Fms, Qxe, Qxe, Qxe, Qxe, Qxe, Qxe, Qxe, Qxe, Qxe, Qxe, Qxe, Qxe, Qxe, Qxe, Qxe, Gs^Fms, Gs^Fms, Gs^Fms, Gs^Fms, Gg
Gs^Fms, Gs^Fms, Gs^Fms, Gs^Fms, Gg, Gs^Fms, Gg, Gs^Fms, Gs^Fms, Gs^Fms, Gs^Fms, Gs^Fms, Gs^Fms, Gs^Fms, Gs^Fms, Gs^Fms, Gs^Fms, Gs^Fms, Gs^Fms, Gs^Fms, Gs^Fms, Gs^Fms, Gs^Fms, Gs^Fms, Gs^Fms, Gs^Fms, Qxe, Qxe, Qxe, Qxe, Qxe, Qxe, Qxe, Qxe, Qxe, Qxe, Qxe, Qxe, Qxe, Qxe, Qxe, Gg, Gg^Ve, Gg, Gs^Fms, Gs^Fms
Gs^Fms, Gs^Fms, Gg, Gg, Gg, Gg, Gg, Gg, Gg, Gg, Gg, Gs^Fms, Gs^Fms, Gs^Fms, Gs^Fms, Gs^Fms, Gs^Fms, Gs^Fms, Gs^Fms, Gs^Fms, Gs^Fms, Gs^Fms, Gs^Fms, Gs^Fms, Gs^Fms, Gs^Fms, Gs^Fms, Qxe, Qxe, Qxe, Qxe, Qxe, Qxe, Qxe, Qxe, Qxe, Qxe, Qxe, Qxe, Qxe, Qxe, Gg, Gg, Gg, Gs^Fms, Gs^Fms
Gs^Fms, Gs^Fms, Gg, Gg, Cv, 1 Kv, Cv, Gg, Gg, Gs^Vh, Gg, Gg, Gg, Gs^Fms, Gg, Gg, Gg, Gs^Fms, Gg, Gs^Fms, Gg, Gs^Fms, Gs^Fms, Gs^Fms, Gg, Gg, Gg, Gs^Fms, Gs^Fms, Qxe, Qxe, Qxe, Qxe, Qxe, Qxe, Qxe, Qxe, Qxe, Qxe, Qxe, Qxe, Gg, Gg, Gg, Gs^Fms, Gs^Fms
Gs^Fms, Gg, Gg, Gg, Gg, Cv, Gg, Gg, Gg, Gg, Gg, Gg, Gg, Gg, Gg, Gg, Gg, Gg, Gg, Gg, Gg, Gg, Gg, Gg, Gg, Gg, Gg, Gg, Gg, Gg, Gg, Qxe, Gg, Qxe, Gg, Qxe, Gg, Qxe, Qxe, Qxe, Gg, Gg, Gg, Gg, Gs^Fms, Gs^Fms
Gg, Gs^Vh, Gg, Gg, Gg, Gg, Gg, Gg, Gg, Gg, Gg, Gg, Gg, Gg, Gg, Gg, Gg, Gg, Gg, Gg, Gg, Gg, Gg, Gg, Gg, Gg, Gg, Gg, Gg, Gg, Gg, Gg, Gg, Gg, Gg, Gg, Gg, Gg, Gg, Gg, Gg, Gg, Gg, Gg, Gs^Fms, Gs^Fms
Gg, Gg, Gg, Gg, Gg, Gg, Gg, Gg, Gg, Gg, Gg, Gg, Gg, Gg, Gg, Gg, Gg, Gg, Gg, Gg, Gg, Gg, Gg, Gg, Gg, Gg, Gg, Gg, Gg, Gg, Gg, Gg, Gg, Gg, Gg, Gg, Gg, Gg, Gg, Gg, Gg, Gg, Gg, Gg, Gg, Gs^Fms
Gg, Gg, Wo, Gg, Wo, Gg, Wo, Gg, Wo, Gg, Wo, Gg, Wo, Gg, Gg, Gg, Gg, Gg, Wo, Wwf, Wo, Gg, Gg, Gg, Gg, Gg, Gg, Gg, Gg, Gg, Gg, Gg, Gg, Gg, Gg, Gg, Gg, Gg, Gg, Gg, Gg, Gg, Gg, Gg, Gg, Gs^Fms
Gg, Wo, Wo, Wo, Wo, Wo, Wo, Wo, Wo, Wo, Wo, Wo, Wo, Wo, Wo, Gg, Wo, Wo, Wo, Wwf, Wo, Wo, Wo, Gg, Wo, Gg, Gg, Gg, Gg, Gg, Gg, Gg, Gg, Gg, Gg, Gg, Gg, Gg, Gg, Gg, Gg, Gg, Gg, Gg, Gg^Ve, Gg
Gg, Wo, Wo, Wo, Wo, Wo, Gg, Wo, Gg, Wo, Wo, Wo, Gg, Wo, Wo, Wo, Wo, Wo, Wo, Wwf, Wo, Wo, Wo, Wo, Wo, Wo, Wo, Wo, Wo, Gg, Wo, Gg, Wo, Gg, Wo, Gg, Wo, Gg, Wo, Gg, Wo, Gg, Wo, Gg, Wo, Gg
Gg, Gg, Gg, Wo, Gg, Gg, Gg, Gg, Gg, Gg, Gg, Gg, Gg, Gg, Gg, Wo, Gg, Gg, Gg, Gg, Gg, Gg, Gg, Wo, Gg, Wo, Wo, Wo, Wo, Wo, Wo, Wo, Wo, Wo, Wo, Wo, Ww^Ewf, Ww^Ewf, Wo, Wo, Wo, Wwf, Wo, Wo, Wo, Wo
Gg, Gg, Gg, Gg, Gg, Gg, Gg, Gg, Gg, Gg, Gg, Gg, Gg, Gg, Gg, Gg, Gg, Gg, Gg, Gg, Gg, Gg, Gg, Gg, Gg, Gg, Gg, Gg, Gg, Gg, Gg, Wo, Gg, Wo, Gg, Wo, Ww^Ewf, Ww^Ewf, Wo, Wo, Wo, Wwf, Wo, Wo, Wo, Wo
Gg, Gg^Ve, Gg, Gg, Gg, Gg, Gg, Gg, Gg, Gg, Gg, Gg, Gg, Gg, Gg, Gg, Gg, Gg, Gg, Gg, Gg, Gg, Gg, Gg, Gg, Gg, Gg, Gg, Gg, Gg, Gg, Gg, Gg, Gg, Gg, Gg, Gg, Ww^Ewf, Wo, Wo, Gg, Gg, Gg, Gg, Gg, Gg
Gg, Gg, Gg, Gg, Gg, Gg, Gg, Gg, Gg, Gg, Gg, Gg, Gg, Gg, Gg, Gg, Gg, Gg, Gg, Gg, Gg, Gg, Gg, Gg, Gg, Gg, Gg, Gg, Gg, Gg, Gg, Gg, Gg, Gg, Gg, Gg, Gg, Gg, Gg, Gg, Gg, Gg, Gg, Gg, Gg, Gg
Gg, Gg, Qxe, Gg, Qxe, Gg, Gg, Gg, Gg, Gg, Gg, Gg, Gg, Gg, Gg, Gg, Gg, Gg, Gg, Gg, Gg, Gg, Gg, Gg, Gg, Gg, Gg, Gg, Gg, Gg, Gg, Gg, Gg, Gg, Gg, Gg, Gg, Gg, Gg, Gg, Gg, Gg, Gg, Gg, Gg, Gg
Qxe, Qxe, Qxe, Qxe, Qxe, Qxe, Qxe, Gg, Qxe, Gg, Qxe, Gg, Gg, Gg, Gg, Gg, Gg, Gg, Gg, Gg, Gg, Gg, Gg, Gg, Gg, Gg, Gg, Gg, Gg, Gg, Gg, Gg, Gg, Gg, Gg, Gg, Gg, Gg, Gg, Gg, Gg, Gg, Gg, Gg, Gg, Gg
Qxe, Qxe, Qxe, Qxe, Qxe, Qxe, Qxe, Qxe, Qxe, Qxe, Qxe, Qxe, Qxe, Qxe, Qxe, Gg, Gg, Gg, Gg, Gg, Gg, Gg, Gg, Gg, Gg, Gg, Gg, Gg, Gg, Gg, Gg, Gg, Gg, Gg, Gg, Gg, Gg, Gg, Gg, Gg, Gg, Gg, Gg, Gg, Gg, Gg
Qxe, Qxe, Qxe, Qxe, Qxe, Qxe, Qxe, Qxe, Qxe, Qxe, Qxe, Qxe, Qxe, Qxe, Qxe, Qxe, Qxe, Qxe, Qxe, Gg, Gg, Gg, Gg, Gg, Gg, Gg, Gg, Gg, Gg, Gg, Gg, Gg, Gg, Gg, Gg, Gg, Gg, Gg, Gg, Gg, Gg, Gg, Gg, Gg, Gg, Gg
Qxe, Qxe, Qxe, Qxe, Qxe, Qxe, Qxe, Qxe, Qxe, Qxe, Qxe, Qxe, Qxe, Qxe, Qxe, Qxe, Qxe, Qxe, Qxe, Qxe, Qxe, Gg, Gg, Gg, Gg, Gg, Gg, Gg, Gg, Gg, Gg, Gg, Gg, Gg, Gg, Gg, Gg, Gg, Gg, Gg, Gg, Gg, Gg, Gg, Gg, Gg
Qxe, Qxe, Qxe, Qxe, Qxe, Qxe, Qxe, Qxe, Qxe, Qxe, Qxe, Qxe, Qxe, Qxe, Qxe, Qxe, Qxe, Qxe, Qxe, Qxe, Qxe, Qxe, Qxe, Gg, Qxe, Gg, Gg, Gg, Gg, Gg, Gg, Gg, Gg, Gg, Gg, Gg, Gg, Gg, Gg, Gg, Gg, Gg, Gg, Gg, Gg, Gg
Qxe, Qxe, Qxe, Qxe, Qxe, Qxe, Qxe, Qxe, Qxe, Qxe, Qxe, Qxe, Qxe, Qxe, Qxe, Qxe, Qxe, Qxe, Qxe, Qxe, Qxe, Qxe, Qxe, Qxe, Qxe, Qxe, Qxe, Gg, Gg, Gg, Gg, Gg, Gg, Gg, Gg, Gg, Gg, Gg, Gg, Gg, Gg, Gg, Gg, Gg, Gg, Gg
Qxe, Qxe, Qxe, Qxe, Qxe, Qxe, Qxe, Qxe, Qxe, Qxe, Qxe, Qxe, Qxe, Qxe, Qxe, Qxe, Qxe, Qxe, Qxe, Qxe, Qxe, Qxe, Qxe, Qxe, Qxe, Qxe, Qxe, Qxe, Gg, Gg, Gg, Gg, Gg, Gg, Gg, Gg, Gg, Gg, Gg, Gg, Gg, Gg, Gg, Gg, Gg, Gg
Qxe, Qxe, Qxe, Qxe, Qxe, Qxe, Qxe, Qxe, Qxe, Qxe, Qxe, Qxe, Qxe, Qxe, Qxe, Qxe, Qxe, Qxe, Qxe, Qxe, Qxe, Qxe, Qxe, Qxe, Qxe, Qxe, Qxe, Qxe, Gg, Gg, Gg, Gg, Gg, Gg, Gg, Gg, Gg, Gg, Gg, Gg, Gg, Gg, Gg, Gg, Gg, Gg
Qxe, Qxe, Qxe, Qxe, Qxe, Qxe, Qxe, Qxe, Qxe, Qxe, Qxe, Qxe, Qxe, Qxe, Qxe, Qxe, Qxe, Qxe, Qxe, Qxe, Qxe, Qxe, Qxe, Qxe, Qxe, Qxe, Qxe, Qxe, Gg, Gg, Gg, Gg, Gg, Gg, Gg, Gg, Gg, Gg, Gg, Gg, Gg, Gg, Gg, Gg, Gg, Gg
Qxe, Qxe, Qxe, Qxe, Qxe, Qxe, Qxe, Qxe, Qxe, Qxe, Qxe, Qxe, Qxe, Qxe, Qxe, Qxe, Qxe, Qxe, Qxe, Qxe, Qxe, Qxe, Qxe, Qxe, Qxe, Qxe, Qxe, Qxe, Qxe, Gg, Gg, Gg, Gg, Gg, Gg, Gg, Gg, Gg, Gg, Gg, Gg, Gg, Gg, Gg, Gg, Gg
Qxe, Qxe, Qxe, Qxe, Qxe, Qxe, Qxe, Qxe, Qxe, Qxe, Qxe, Qxe, Qxe, Qxe, Qxe, Qxe, Qxe, Qxe, Qxe, Qxe, Qxe, Qxe, Qxe, Qxe, Qxe, Qxe, Qxe, Qxe, Qxe, Gg, Gg, Gg, Gg, Gg, Gg, Gg, Gg, Gg, Gg, Gg, Gg, Gg, Gg, Gg, Gg, Gg
Qxe, Qxe, Qxe, Qxe, Qxe, Qxe, Qxe, Qxe, Qxe, Qxe, Qxe, Qxe, Qxe, Qxe, Qxe, Qxe, Qxe, Qxe, Qxe, Qxe, Qxe, Qxe, Qxe, Qxe, Qxe, Qxe, Qxe, Qxe, Qxe, Gg, Gg, Gg, Gg, Gg, Gg, Gg, Gg, Gg, Gg, Gg, Gg, Gg, Gg, Gg, Gg, Gg
Qxe, Qxe, Qxe, Qxe, Qxe, Qxe, Qxe, Qxe, Qxe, Qxe, Qxe, Qxe, Qxe, Qxe, Qxe, Qxe, Qxe, Qxe, Qxe, Qxe, Qxe, Qxe, Qxe, Qxe, Qxe, Qxe, Qxe, Qxe, Qxe, Qxe, Gg, Gg, Gg, Gg, Gg, Gg, Gg, Gg, Gg, Gg, Gg, Gg, Gg, Gg, Gg, Gg
Qxe, Qxe, Qxe, Qxe, Qxe, Qxe, Qxe, Qxe, Qxe, Qxe, Qxe, Qxe, Qxe, Qxe, Qxe, Qxe, Qxe, Qxe, Qxe, Qxe, Qxe, Qxe, Qxe, Qxe, Qxe, Qxe, Qxe, Qxe, Qxe, Qxe, Gg, Gg, Gg, Gg, Gg, Gg, Gg, Gg, Gg, Gg, Gg, Gg, Gg, Gg, Gg, Gg
Qxe, Qxe, Qxe, Qxe, Qxe, Qxe, Qxe, Qxe, Qxe, Qxe, Qxe, Qxe, Qxe, Qxe, Qxe, Qxe, Qxe, Qxe, Qxe, Qxe, Qxe, Qxe, Qxe, Qxe, Qxe, Qxe, Qxe, Qxe, Qxe, Qxe, Gg, Gg, Gg, Gg, Gg, Gg, Gg, Gg, Gg, Gg, Gg, Gg, Gg, Gd^Vo, Gg, Gg
Qxe, Qxe, Qxe, Qxe, Qxe, Qxe, Qxe, Qxe, Qxe, Qxe, Qxe, Qxe, Qxe, Qxe, Qxe, Qxe, Qxe, Qxe, Qxe, Qxe, Qxe, Qxe, Qxe, Qxe, Qxe, Qxe, Qxe, Qxe, Qxe, Qxe, Gg, Gg, Gg, Gg, Gg, Gg, Gg, Gg, Gd^Vo, Gg, Gg, Gg, Co, Gg, Gg^Efm, Gg^Efm
Qxe, Qxe, Qxe, Qxe, Qxe, Qxe, Qxe, Qxe, Qxe, Qxe, Qxe, Qxe, Qxe, Qxe, Qxe, Qxe, Qxe, Qxe, Qxe, Qxe, Qxe, Qxe, Qxe, Qxe, Qxe, Qxe, Qxe, Qxe, Qxe, Qxe, Gg, Gg, Gg, Gg, Gg, Gg, Gg, Gg, Gg, Gg, Gg, Co, 2 Ko, Co, Gg^Efm, Gg^Efm
Qxe, Qxe, Qxe, Qxe, Qxe, Qxe, Qxe, Qxe, Qxe, Qxe, Qxe, Qxe, Qxe, Qxe, Qxe, Qxe, Qxe, Qxe, Qxe, Qxe, Qxe, Qxe, Qxe, Qxe, Qxe, Qxe, Qxe, Qxe, Gs^Fms, Gs^Fms, Gs^Fms, Gg, Gs^Fms, Gg, Gs^Fms, Gg, Gg, Gg, Gg, Gg, Gg, Gg, Gg^Efm, Co, Gs^Fms, Gs^Fms
Qxe, Qxe, Qxe, Qxe, Qxe, Qxe, Qxe, Qxe, Qxe, Qxe, Qxe, Qxe, Qxe, Qxe, Qxe, Qxe, Qxe, Qxe, Qxe, Qxe, Qxe, Qxe, Qxe, Qxe, Qxe, Qxe, Gs^Fms, Gs^Fms, Gs^Fms, Gs^Fms, Gs^Fms, Gs^Fms, Gs^Fms, Gs^Fms, Gs^Fms, Gs^Fms, Gs^Fms, Gg, Gs^Fms, Gg, Gs^Fms, Gg^Efm, Gs^Fms, Gg^Efm, Gs^Fms, Gs^Fms
Gs^Fms, Qxe, Qxe, Qxe, Qxe, Qxe, Qxe, Qxe, Qxe, Qxe, Qxe, Qxe, Qxe, Qxe, Qxe, Qxe, Qxe, Qxe, Qxe, Qxe, Qxe, Qxe, Qxe, Qxe, Qxe, Qxe, Gs^Fms, Gs^Fms, Gs^Fms, Gs^Fms, Gs^Fms, Gs^Fms, Gs^Fms, Gs^Fms, Gs^Fms, Gs^Fms, Gs^Fms, Gs^Fms, Gs^Fms, Gs^Fms, Gs^Fms, Gs^Fms, Gs^Fms, Gs^Fms, Gs^Fms, Gs^Fms
